<html>
<body>
<pre>
<h1>µVision Build Log</h1>
<h2>Tool Versions:</h2>
IDE-Version: ¦ÌVision V5.18.0.0
Copyright (C) 2016 ARM Ltd and ARM Germany GmbH. All rights reserved.
License Information: QIANG 1, 2, LIC=FYKY8-3LE1E-Y8VFK-Z55EJ-N50IM-3YT9U
 
Tool Versions:
Toolchain:       MDK-ARM Standard  Version: 5.18
Toolchain Path:  J:\Keil_v5\ARM\ARMCC\Bin
C Compiler:      Armcc.exe V5.06 update 1 (build 61)
Assembler:       Armasm.exe V5.06 update 1 (build 61)
Linker/Locator:  ArmLink.exe V5.06 update 1 (build 61)
Library Manager: ArmAr.exe V5.06 update 1 (build 61)
Hex Converter:   FromElf.exe V5.06 update 1 (build 61)
CPU DLL:         SARMCM3.DLL V5.18
Dialog DLL:      DCM.DLL V1.13.6.0
Target DLL:      Segger\JL2CM3.dll V2.99.18.0
Dialog DLL:      TCM.DLL V1.14.8.0
 
<h2>Project:</h2>
D:\¼¤¹â²â¾à\LaserRangefinder_V6\Code\LaserRanging_V2.1\USER\USART.uvprojx
Project File Date:  11/06/2020

<h2>Output:</h2>
*** Using Compiler 'V5.06 update 1 (build 61)', folder: 'J:\Keil_v5\ARM\ARMCC\Bin'
Rebuild target 'USART'
compiling system_stm32f10x.c...
compiling stm32f10x_it.c...
compiling main.c...
compiling timer.c...
compiling app.c...
compiling mto.c...
mto.c(444): warning:  #940-D: missing return statement at end of non-void function "get_cur_mto"
  }
mto.c: 1 warning, 0 errors
compiling spi.c...
compiling tdc_gpx2.c...
compiling laser.c...
compiling oled.c...
compiling tpl0202.c...
compiling tlv5636.c...
compiling agc.c...
compiling wdg.c...
compiling key.c...
compiling delay.c...
compiling usart.c...
compiling sys.c...
assembling startup_stm32f10x_hd.s...
compiling core_cm3.c...
compiling misc.c...
compiling stm32f10x_gpio.c...
compiling stm32f10x_rcc.c...
compiling stm32f10x_usart.c...
compiling stm32f10x_tim.c...
compiling stm32f10x_pwr.c...
compiling stm32f10x_bkp.c...
compiling stm32f10x_adc.c...
compiling stm32f10x_dma.c...
compiling stm32f10x_iwdg.c...
compiling os_core.c...
compiling os_flag.c...
compiling os_mbox.c...
compiling os_mem.c...
compiling os_mutex.c...
compiling os_q.c...
compiling os_sem.c...
compiling os_task.c...
compiling os_time.c...
assembling os_cpu_a.asm...
compiling os_tmr.c...
compiling os_cpu_c.c...
linking...
Program Size: Code=45692 RO-data=1300 RW-data=200 ZI-data=17472  
FromELF: creating hex file...
"..\OBJ\USART.axf" - 0 Error(s), 1 Warning(s).

<h2>Collection of Component include folders:</h2>
  D:\¼¤¹â²â¾à\LaserRangefinder_V6\Code\LaserRanging_V2.1\USER\RTE
  J:\Keil_v5\ARM\PACK\Keil\STM32F1xx_DFP\1.0.5\Device\Include

<h2>Collection of Component Files used:</h2>
Build Time Elapsed:  00:00:08
</pre>
</body>
</html>
